// Jest Snapshot v1, https://goo.gl/fbAQLP

exports[`renders correcty 1`] = `
<Styled(Container)>
  <Styled(Content)
    style={
      Object {
        "backgroundColor": "#fff",
      }
    }
  >
    <Component
      style={
        Object {
          "backgroundColor": "#f5f5f5",
        }
      }
    >
      <GridNB>
        <ColumnNB
          size={25}
        >
          <Component
            style={
              Object {
                "alignItems": "center",
                "bottom": 0,
                "justifyContent": "center",
                "left": 0,
                "position": "absolute",
                "right": 0,
                "top": 0,
              }
            }
          >
            <Styled(Icon)
              name="restaurant"
              style={
                Object {
                  "color": "#e4022d",
                }
              }
            />
          </Component>
        </ColumnNB>
        <ColumnNB
          size={75}
          style={
            Object {
              "padding": 20,
            }
          }
        >
          <Styled(Text)
            style={
              Object {
                "fontSize": 18,
                "fontWeight": "bold",
                "marginBottom": 5,
              }
            }
          >
            FIND_RESTAURANT
          </Styled(Text)>
          <Styled(Text)
            style={
              Object {
                "color": "#8a8a8a",
                "fontSize": 14,
              }
            }
          >
            SEARCH_NEARBY
          </Styled(Text)>
        </ColumnNB>
      </GridNB>
    </Component>
    <Component
      style={
        Object {
          "alignItems": "center",
          "justifyContent": "center",
        }
      }
    >
      <Component
        source={
          Object {
            "testUri": "../../../src/assets/images/home-bg.png",
          }
        }
        style={
          Object {
            "height": 209.49720670391062,
            "width": 750,
          }
        }
      />
      <GridNB
        style={
          Object {
            "marginTop": 20,
            "paddingHorizontal": 20,
          }
        }
      >
        <RowNB
          style={
            Object {
              "alignItems": "center",
              "flex": 1,
              "justifyContent": "center",
              "marginBottom": 5,
            }
          }
        >
          <Styled(Text)
            style={
              Object {
                "fontWeight": "bold",
              }
            }
          >
            WELCOME !
          </Styled(Text)>
        </RowNB>
        <RowNB
          style={
            Object {
              "alignItems": "center",
              "flex": 1,
              "justifyContent": "center",
              "marginBottom": 5,
            }
          }
        >
          <Styled(Text)
            style={
              Object {
                "textAlign": "center",
              }
            }
          >
            ALPHA_DISCLAIMER.
          </Styled(Text)>
        </RowNB>
        <RowNB
          style={
            Object {
              "alignItems": "center",
              "flex": 1,
              "justifyContent": "center",
              "marginBottom": 5,
            }
          }
        >
          <Styled(Text)
            style={
              Object {
                "textAlign": "center",
              }
            }
          >
            UPDATE_REMINDER
          </Styled(Text)>
        </RowNB>
      </GridNB>
    </Component>
  </Styled(Content)>
</Styled(Container)>
`;
